{"error":"The \"namespace\" query parameter must be provided.","errorType":"prom-label-proxy","status":"error"}
